
> amed-frontend@1.0.0 build
> next build

node.exe : [baseline-browser-mapping] The data in this module 
is over two months old.  To ensure accurate Baseline data, 
please update: `npm i baseline-browser-mapping@latest -D`
Au caractère Ligne:1 : 1
+ & "C:\Nodejs/node.exe" 
"C:\Nodejs/node_modules/npm/bin/npm-cli.js" ru ...
+ ~~~~~~~~~~~~~~~~~~~~~~~~~~~~~~~~~~~~~~~~~~~~~~~~~~~~~~~~~~~~~~
~~~~~~~
    + CategoryInfo          : NotSpecified: ([baseline-brows... 
   ping@latest -D`:String) [], RemoteException
    + FullyQualifiedErrorId : NativeCommandError
 
   Ôû▓ Next.js 16.0.3 (Turbopack)
   - Environments: .env.local

   Creating an optimized production build ...
[baseline-browser-mapping] The data in this module is over two 
months old.  To ensure accurate Baseline data, please update: 
`npm i baseline-browser-mapping@latest -D`
 Ô£ô Compiled successfully in 2.1min
   Skipping validation of types
   Collecting page data using 3 workers ...
[baseline-browser-mapping] The data in this module is over two 
months old.  To ensure accurate Baseline data, please update: 
`npm i baseline-browser-mapping@latest -D`
[baseline-browser-mapping] The data in this module is over two 
months old.  To ensure accurate Baseline data, please update: 
`npm i baseline-browser-mapping@latest -D`
[baseline-browser-mapping] The data in this module is over two 
months old.  To ensure accurate Baseline data, please update: 
`npm i baseline-browser-mapping@latest -D`
   Generating static pages using 3 workers (0/21) ...
[baseline-browser-mapping] The data in this module is over two 
months old.  To ensure accurate Baseline data, please update: 
`npm i baseline-browser-mapping@latest -D`
   Generating static pages using 3 workers (5/21) 
 ÔÜá Unsupported metadata themeColor is configured in metadata 
export in /_not-found. Please move it to viewport export 
instead.
Read more: https://nextjs.org/docs/app/api-reference/functions/g
enerate-viewport
 ÔÜá Unsupported metadata themeColor is configured in metadata 
export in /about. Please move it to viewport export instead.
Read more: https://nextjs.org/docs/app/api-reference/functions/g
enerate-viewport
   Generating static pages using 3 workers (10/21) 
MongoServerSelectionError: connect ECONNREFUSED ::1:27017, 
connect ECONNREFUSED 127.0.0.1:27017
    at <unknown> (MongoServerSelectionError: connect 
ECONNREFUSED ::1:27017, connect ECONNREFUSED 127.0.0.1:27017) {
  errorLabelSet: Set(0) {},
  reason: [TopologyDescription],
  code: undefined,
  [cause]: MongoNetworkError: connect ECONNREFUSED ::1:27017, 
connect ECONNREFUSED 127.0.0.1:27017
      at <unknown> (MongoNetworkError: connect ECONNREFUSED 
::1:27017, connect ECONNREFUSED 127.0.0.1:27017) {
    errorLabelSet: Set(1) { 'ResetPool' },
    beforeHandshake: false,
    [cause]: AggregateError: 
        at ignore-listed frames {
      code: 'ECONNREFUSED'
    }
  }
}
 ÔÜá Unsupported metadata themeColor is configured in metadata 
export in /blog. Please move it to viewport export instead.
Read more: https://nextjs.org/docs/app/api-reference/functions/g
enerate-viewport
 ÔÜá Unsupported metadata themeColor is configured in metadata 
export in /dashboard/events. Please move it to viewport export 
instead.
Read more: https://nextjs.org/docs/app/api-reference/functions/g
enerate-viewport
MongoServerSelectionError: connect ECONNREFUSED ::1:27017, 
connect ECONNREFUSED 127.0.0.1:27017
    at <unknown> (MongoServerSelectionError: connect 
ECONNREFUSED ::1:27017, connect ECONNREFUSED 127.0.0.1:27017) {
  errorLabelSet: Set(0) {},
  reason: [TopologyDescription],
  code: undefined,
  [cause]: MongoNetworkError: connect ECONNREFUSED ::1:27017, 
connect ECONNREFUSED 127.0.0.1:27017
      at <unknown> (MongoNetworkError: connect ECONNREFUSED 
::1:27017, connect ECONNREFUSED 127.0.0.1:27017) {
    errorLabelSet: Set(1) { 'ResetPool' },
    beforeHandshake: false,
    [cause]: AggregateError: 
        at ignore-listed frames {
      code: 'ECONNREFUSED'
    }
  }
}
 ÔÜá Unsupported metadata themeColor is configured in metadata 
export in /contact. Please move it to viewport export instead.
Read more: https://nextjs.org/docs/app/api-reference/functions/g
enerate-viewport
MongoServerSelectionError: connect ECONNREFUSED ::1:27017, 
connect ECONNREFUSED 127.0.0.1:27017
    at <unknown> (MongoServerSelectionError: connect 
ECONNREFUSED ::1:27017, connect ECONNREFUSED 127.0.0.1:27017) {
  errorLabelSet: Set(0) {},
  reason: [TopologyDescription],
  code: undefined,
  [cause]: MongoNetworkError: connect ECONNREFUSED ::1:27017, 
connect ECONNREFUSED 127.0.0.1:27017
      at <unknown> (MongoNetworkError: connect ECONNREFUSED 
::1:27017, connect ECONNREFUSED 127.0.0.1:27017) {
    errorLabelSet: Set(1) { 'ResetPool' },
    beforeHandshake: false,
    [cause]: AggregateError: 
        at ignore-listed frames {
      code: 'ECONNREFUSED'
    }
  }
}
 ÔÜá Unsupported metadata themeColor is configured in metadata 
export in /dashboard/projects. Please move it to viewport 
export instead.
Read more: https://nextjs.org/docs/app/api-reference/functions/g
enerate-viewport
 ÔÜá Unsupported metadata themeColor is configured in metadata 
export in /dashboard/users. Please move it to viewport export 
instead.
Read more: https://nextjs.org/docs/app/api-reference/functions/g
enerate-viewport
 ÔÜá Unsupported metadata themeColor is configured in metadata 
export in /dashboard. Please move it to viewport export instead.
Read more: https://nextjs.org/docs/app/api-reference/functions/g
enerate-viewport
   Generating static pages using 3 workers (15/21) 
 ÔÜá Unsupported metadata themeColor is configured in metadata 
export in /events. Please move it to viewport export instead.
Read more: https://nextjs.org/docs/app/api-reference/functions/g
enerate-viewport
 ÔÜá Unsupported metadata themeColor is configured in metadata 
export in /login. Please move it to viewport export instead.
Read more: https://nextjs.org/docs/app/api-reference/functions/g
enerate-viewport
 ÔÜá Unsupported metadata themeColor is configured in metadata 
export in /. Please move it to viewport export instead.
Read more: https://nextjs.org/docs/app/api-reference/functions/g
enerate-viewport
 ÔÜá Unsupported metadata themeColor is configured in metadata 
export in /projects. Please move it to viewport export instead.
Read more: https://nextjs.org/docs/app/api-reference/functions/g
enerate-viewport
 ÔÜá Unsupported metadata themeColor is configured in metadata 
export in /register. Please move it to viewport export instead.
Read more: https://nextjs.org/docs/app/api-reference/functions/g
enerate-viewport
 Ô£ô Generating static pages using 3 workers (21/21) in 39.3s
   Finalizing page optimization ...

Route (app)
Ôöî Ôùï /
Ôö£ Ôùï /_not-found
Ôö£ Ôùï /about
Ôö£ ãÆ /api/auth/[...nextauth]
Ôö£ ãÆ /api/auth/register
Ôö£ ãÆ /api/blog
Ôö£ ãÆ /api/chat
Ôö£ ãÆ /api/contact
Ôö£ ãÆ /api/events
Ôö£ ãÆ /api/projects
Ôö£ ãÆ /api/users
Ôö£ Ôùï /blog
Ôö£ Ôùï /contact
Ôö£ ãÆ /dashboard
Ôö£ ãÆ /dashboard/events
Ôö£ ãÆ /dashboard/projects
Ôö£ ãÆ /dashboard/users
Ôö£ Ôùï /events
Ôö£ Ôùï /login
Ôö£ Ôùï /projects
Ôöö Ôùï /register


Ôùï  (Static)   prerendered as static content
ãÆ  (Dynamic)  server-rendered on demand

